// Jest Snapshot v1, https://goo.gl/fbAQLP

exports[`simple-vpc produces correct cloudformation template 1`] = `
"Parameters:
  GroupName:
    Type: String
    Default: brainstation
  BootstrapVersion:
    Type: AWS::SSM::Parameter::Value<String>
    Default: /cdk-bootstrap/hnb659fds/version
    Description: Version of the CDK Bootstrap resources in this environment,
      automatically retrieved from SSM Parameter Store. [cdk:skip]
Resources:
  MyVpcVPC4AF5F27E:
    Type: AWS::EC2::VPC
    Properties:
      EnableDnsHostnames: true
      EnableDnsSupport: true
      Ipv4IpamPoolId: ipam-pool-0fdbd5d6bea6196ed
      Ipv4NetmaskLength: 19
      Tags:
        - Key: Name
          Value:
            Ref: GroupName
  MyVpcInternetGateway475020C9:
    Type: AWS::EC2::InternetGateway
    Properties:
      Tags:
        - Key: Name
          Value:
            Ref: GroupName
  MyVpcInternetGatewayAttachmentF5FABB76:
    Type: AWS::EC2::VPCGatewayAttachment
    Properties:
      VpcId:
        Ref: MyVpcVPC4AF5F27E
      InternetGatewayId:
        Ref: MyVpcInternetGateway475020C9
  MyVpcSubnetPublicAFFDB0540:
    Type: AWS::EC2::Subnet
    Properties:
      VpcId:
        Ref: MyVpcVPC4AF5F27E
      AvailabilityZone:
        Fn::Select:
          - 0
          - Fn::GetAZs: ""
      CidrBlock:
        Fn::Select:
          - 0
          - Fn::Cidr:
              - Fn::GetAtt:
                  - MyVpcVPC4AF5F27E
                  - CidrBlock
              - 8
              - "10"
      MapPublicIpOnLaunch: true
      Tags:
        - Key: Name
          Value:
            Fn::Join:
              - ""
              - - Ref: GroupName
                - /public-a
  MyVpcSubnetPublicB638F8D5A:
    Type: AWS::EC2::Subnet
    Properties:
      VpcId:
        Ref: MyVpcVPC4AF5F27E
      AvailabilityZone:
        Fn::Select:
          - 1
          - Fn::GetAZs: ""
      CidrBlock:
        Fn::Select:
          - 1
          - Fn::Cidr:
              - Fn::GetAtt:
                  - MyVpcVPC4AF5F27E
                  - CidrBlock
              - 8
              - "10"
      MapPublicIpOnLaunch: true
      Tags:
        - Key: Name
          Value:
            Fn::Join:
              - ""
              - - Ref: GroupName
                - /public-b
  MyVpcSubnetPublicCB7352644:
    Type: AWS::EC2::Subnet
    Properties:
      VpcId:
        Ref: MyVpcVPC4AF5F27E
      AvailabilityZone:
        Fn::Select:
          - 2
          - Fn::GetAZs: ""
      CidrBlock:
        Fn::Select:
          - 2
          - Fn::Cidr:
              - Fn::GetAtt:
                  - MyVpcVPC4AF5F27E
                  - CidrBlock
              - 8
              - "10"
      MapPublicIpOnLaunch: true
      Tags:
        - Key: Name
          Value:
            Fn::Join:
              - ""
              - - Ref: GroupName
                - /public-c
  MyVpcSubnetPrivateA0159B61C:
    Type: AWS::EC2::Subnet
    Properties:
      VpcId:
        Ref: MyVpcVPC4AF5F27E
      AvailabilityZone:
        Fn::Select:
          - 0
          - Fn::GetAZs: ""
      CidrBlock:
        Fn::Select:
          - 3
          - Fn::Cidr:
              - Fn::GetAtt:
                  - MyVpcVPC4AF5F27E
                  - CidrBlock
              - 8
              - "10"
      MapPublicIpOnLaunch: false
      Tags:
        - Key: Name
          Value:
            Fn::Join:
              - ""
              - - Ref: GroupName
                - /private-a
  MyVpcSubnetPrivateB19604239:
    Type: AWS::EC2::Subnet
    Properties:
      VpcId:
        Ref: MyVpcVPC4AF5F27E
      AvailabilityZone:
        Fn::Select:
          - 1
          - Fn::GetAZs: ""
      CidrBlock:
        Fn::Select:
          - 4
          - Fn::Cidr:
              - Fn::GetAtt:
                  - MyVpcVPC4AF5F27E
                  - CidrBlock
              - 8
              - "10"
      MapPublicIpOnLaunch: false
      Tags:
        - Key: Name
          Value:
            Fn::Join:
              - ""
              - - Ref: GroupName
                - /private-b
  MyVpcSubnetPrivateC914D6E3A:
    Type: AWS::EC2::Subnet
    Properties:
      VpcId:
        Ref: MyVpcVPC4AF5F27E
      AvailabilityZone:
        Fn::Select:
          - 2
          - Fn::GetAZs: ""
      CidrBlock:
        Fn::Select:
          - 5
          - Fn::Cidr:
              - Fn::GetAtt:
                  - MyVpcVPC4AF5F27E
                  - CidrBlock
              - 8
              - "10"
      MapPublicIpOnLaunch: false
      Tags:
        - Key: Name
          Value:
            Fn::Join:
              - ""
              - - Ref: GroupName
                - /private-c
  MyVpcRouteTablePublic20E2D0AF:
    Type: AWS::EC2::RouteTable
    Properties:
      VpcId:
        Ref: MyVpcVPC4AF5F27E
      Tags:
        - Key: Name
          Value:
            Fn::Join:
              - ""
              - - Ref: GroupName
                - /public
  MyVpcRoutePublicDefault4074E1DC:
    Type: AWS::EC2::Route
    Properties:
      RouteTableId:
        Ref: MyVpcRouteTablePublic20E2D0AF
      DestinationCidrBlock: 0.0.0.0/0
      GatewayId:
        Ref: MyVpcInternetGateway475020C9
    DependsOn:
      - MyVpcInternetGatewayAttachmentF5FABB76
  MyVpcSubnetRouteTableAssociationPublicAFF4F72C0:
    Type: AWS::EC2::SubnetRouteTableAssociation
    Properties:
      RouteTableId:
        Ref: MyVpcRouteTablePublic20E2D0AF
      SubnetId:
        Ref: MyVpcSubnetPublicAFFDB0540
  MyVpcSubnetRouteTableAssociationPublicB50387D00:
    Type: AWS::EC2::SubnetRouteTableAssociation
    Properties:
      RouteTableId:
        Ref: MyVpcRouteTablePublic20E2D0AF
      SubnetId:
        Ref: MyVpcSubnetPublicB638F8D5A
  MyVpcSubnetRouteTableAssociationPublicC14D4C18D:
    Type: AWS::EC2::SubnetRouteTableAssociation
    Properties:
      RouteTableId:
        Ref: MyVpcRouteTablePublic20E2D0AF
      SubnetId:
        Ref: MyVpcSubnetPublicCB7352644
  MyVpcRouteTablePrivate96A3F999:
    Type: AWS::EC2::RouteTable
    Properties:
      VpcId:
        Ref: MyVpcVPC4AF5F27E
      Tags:
        - Key: Name
          Value:
            Fn::Join:
              - ""
              - - Ref: GroupName
                - /private
  MyVpcSubnetRouteTableAssociationPrivateAEC013698:
    Type: AWS::EC2::SubnetRouteTableAssociation
    Properties:
      RouteTableId:
        Ref: MyVpcRouteTablePrivate96A3F999
      SubnetId:
        Ref: MyVpcSubnetPrivateA0159B61C
  MyVpcSubnetRouteTableAssociationPrivateB02AA7F96:
    Type: AWS::EC2::SubnetRouteTableAssociation
    Properties:
      RouteTableId:
        Ref: MyVpcRouteTablePrivate96A3F999
      SubnetId:
        Ref: MyVpcSubnetPrivateB19604239
  MyVpcSubnetRouteTableAssociationPrivateC3AA5A2D3:
    Type: AWS::EC2::SubnetRouteTableAssociation
    Properties:
      RouteTableId:
        Ref: MyVpcRouteTablePrivate96A3F999
      SubnetId:
        Ref: MyVpcSubnetPrivateC914D6E3A
  MyVpcParamVpcIdCCE5D477:
    Type: AWS::SSM::Parameter
    Properties:
      Type: String
      Value:
        Ref: MyVpcVPC4AF5F27E
      Description: VPC Id
      Name:
        Fn::Join:
          - ""
          - - /cf/
            - Ref: GroupName
            - /vpc/id
  MyVpcParamSecurityGroupId898A4065:
    Type: AWS::SSM::Parameter
    Properties:
      Type: String
      Value:
        Fn::GetAtt:
          - MyVpcVPC4AF5F27E
          - DefaultSecurityGroup
      Description: ID of default securite group for intra-vpc access
      Name:
        Fn::Join:
          - ""
          - - /cf/
            - Ref: GroupName
            - /security-group/default/id
  MyVpcParamPublicSubnetsIds71498C92:
    Type: AWS::SSM::Parameter
    Properties:
      Type: List<String>
      Value:
        Fn::Join:
          - ","
          - - Ref: MyVpcSubnetPublicAFFDB0540
            - Ref: MyVpcSubnetPublicB638F8D5A
            - Ref: MyVpcSubnetPublicCB7352644
      Description: List of IDs of the public subnets
      Name:
        Fn::Join:
          - ""
          - - /cf/
            - Ref: GroupName
            - /public-subnets/ids
  MyVpcParamPrivateSubnetsIds762F1123:
    Type: AWS::SSM::Parameter
    Properties:
      Type: List<String>
      Value:
        Fn::Join:
          - ","
          - - Ref: MyVpcSubnetPrivateA0159B61C
            - Ref: MyVpcSubnetPrivateB19604239
            - Ref: MyVpcSubnetPrivateC914D6E3A
      Description: List of IDs of the private subnets
      Name:
        Fn::Join:
          - ""
          - - /cf/
            - Ref: GroupName
            - /private-subnets/ids
Outputs:
  MyVpcVpcIdEA080D3B:
    Description: VPC ID
    Value:
      Ref: MyVpcVPC4AF5F27E
    Export:
      Name:
        Fn::Join:
          - ""
          - - Ref: GroupName
            - -vpc
  MyVpcPublicSubnets7A049237:
    Description: List of IDs of the public subnets
    Value:
      Fn::Join:
        - ","
        - - Ref: MyVpcSubnetPublicAFFDB0540
          - Ref: MyVpcSubnetPublicB638F8D5A
          - Ref: MyVpcSubnetPublicCB7352644
    Export:
      Name:
        Fn::Join:
          - ""
          - - Ref: GroupName
            - -public-subnets
  MyVpcPrivateSubnets223FF8A8:
    Description: List of IDs of the private subnets
    Value:
      Fn::Join:
        - ","
        - - Ref: MyVpcSubnetPrivateA0159B61C
          - Ref: MyVpcSubnetPrivateB19604239
          - Ref: MyVpcSubnetPrivateC914D6E3A
    Export:
      Name:
        Fn::Join:
          - ""
          - - Ref: GroupName
            - -private-subnets
Rules:
  CheckBootstrapVersion:
    Assertions:
      - Assert:
          Fn::Not:
            - Fn::Contains:
                - - "1"
                  - "2"
                  - "3"
                  - "4"
                  - "5"
                - Ref: BootstrapVersion
        AssertDescription: CDK bootstrap stack version 6 required. Please run 'cdk
          bootstrap' with a recent version of the CDK CLI.
"
`;
